e:\project\practica\operational-database-recovery\src\src\x64\debug\vc143.pdb
e:\project\practica\operational-database-recovery\src\src\x64\debug\.netframework,version=v4.8.assemblyattributes.obj
e:\project\practica\operational-database-recovery\src\src\x64\debug\partialmainwindow.obj
e:\project\practica\operational-database-recovery\src\src\x64\debug\myform.obj
e:\project\practica\operational-database-recovery\src\src\x64\debug\mainwindow.obj
e:\project\practica\operational-database-recovery\src\x64\debug\src.exe
e:\project\practica\operational-database-recovery\src\x64\debug\src.pdb
e:\project\practica\operational-database-recovery\src\src\x64\debug\src.tlog\cl.command.1.tlog
e:\project\practica\operational-database-recovery\src\src\x64\debug\src.tlog\cl.items.tlog
e:\project\practica\operational-database-recovery\src\src\x64\debug\src.tlog\cl.read.1.tlog
e:\project\practica\operational-database-recovery\src\src\x64\debug\src.tlog\cl.write.1.tlog
e:\project\practica\operational-database-recovery\src\src\x64\debug\src.tlog\link.command.1.tlog
e:\project\practica\operational-database-recovery\src\src\x64\debug\src.tlog\link.read.1.tlog
e:\project\practica\operational-database-recovery\src\src\x64\debug\src.tlog\link.secondary.1.tlog
e:\project\practica\operational-database-recovery\src\src\x64\debug\src.tlog\link.write.1.tlog
e:\project\practica\operational-database-recovery\src\src\x64\debug\src.tlog\metagen.read.1.tlog
e:\project\practica\operational-database-recovery\src\src\x64\debug\src.tlog\metagen.write.1.tlog
e:\project\practica\operational-database-recovery\src\src\x64\debug\src.tlog\resgen.command.1.tlog
e:\project\practica\operational-database-recovery\src\src\x64\debug\src.tlog\resgen.read.1.tlog
e:\project\practica\operational-database-recovery\src\src\x64\debug\src.tlog\resgen.write.1.tlog
